#-----------------------------------------------------------
# Vivado v2020.1 (64-bit)
# SW Build 2902540 on Wed May 27 19:54:49 MDT 2020
# IP Build 2902112 on Wed May 27 22:43:36 MDT 2020
# Start of session at: Thu Oct  1 17:02:18 2026
# Process ID: 18012
# Current directory: C:/Users/ma11212/CA-labs/Vivado_labs/CA
# Command line: vivado.exe -gui_launcher_event rodinguilauncherevent37856 C:\Users\ma11212\CA-labs\Vivado_labs\CA\CA.xpr
# Log file: C:/Users/ma11212/CA-labs/Vivado_labs/CA/vivado.log
# Journal file: C:/Users/ma11212/CA-labs/Vivado_labs/CA\vivado.jou
#-----------------------------------------------------------
start_gui
open_project C:/Users/ma11212/CA-labs/Vivado_labs/CA/CA.xpr
Scanning sources...
Finished scanning sources
INFO: [IP_Flow 19-234] Refreshing IP repositories
INFO: [IP_Flow 19-1704] No user IP repositories specified
INFO: [IP_Flow 19-2313] Loaded Vivado IP repository 'C:/Xilinx/Vivado/2020.1/data/ip'.
update_compile_order -fileset sources_1
synth_design -rtl -name rtl_1
Command: synth_design -rtl -name rtl_1
Starting synth_design
Using part: xc7a35tcpg236-1
Top: alu_32bit
INFO: [Device 21-403] Loading part xc7a35tcpg236-1
---------------------------------------------------------------------------------
Starting RTL Elaboration : Time (s): cpu = 00:00:02 ; elapsed = 00:00:02 . Memory (MB): peak = 1325.141 ; gain = 99.602
---------------------------------------------------------------------------------
INFO: [Synth 8-6157] synthesizing module 'alu_32bit' [C:/Users/ma11212/CA-labs/Vivado_labs/CA/CA.srcs/sources_1/new/alu_32bit.v:23]
	Parameter AND_OP bound to: 3'b000 
	Parameter OR_OP bound to: 3'b001 
	Parameter XOR_OP bound to: 3'b010 
	Parameter ADD_OP bound to: 3'b011 
	Parameter SUB_OP bound to: 3'b100 
	Parameter SLL_OP bound to: 3'b101 
	Parameter SRL_OP bound to: 3'b110 
INFO: [Synth 8-6157] synthesizing module 'adder_32bit' [C:/Users/ma11212/CA-labs/Vivado_labs/CA/CA.srcs/sources_1/new/adder_32bit.v:23]
INFO: [Synth 8-6157] synthesizing module 'full_adder' [C:/Users/ma11212/CA-labs/Vivado_labs/CA/CA.srcs/sources_1/new/adder.v:23]
INFO: [Synth 8-6155] done synthesizing module 'full_adder' (1#1) [C:/Users/ma11212/CA-labs/Vivado_labs/CA/CA.srcs/sources_1/new/adder.v:23]
INFO: [Synth 8-6155] done synthesizing module 'adder_32bit' (2#1) [C:/Users/ma11212/CA-labs/Vivado_labs/CA/CA.srcs/sources_1/new/adder_32bit.v:23]
INFO: [Synth 8-6157] synthesizing module 'sub_32bit' [C:/Users/ma11212/CA-labs/Vivado_labs/CA/CA.srcs/sources_1/new/sub_32bit.v:22]
INFO: [Synth 8-6155] done synthesizing module 'sub_32bit' (3#1) [C:/Users/ma11212/CA-labs/Vivado_labs/CA/CA.srcs/sources_1/new/sub_32bit.v:22]
ERROR: [Synth 8-448] named port connection 'sum' does not exist for instance 'sub' of module 'sub_32bit' [C:/Users/ma11212/CA-labs/Vivado_labs/CA/CA.srcs/sources_1/new/alu_32bit.v:62]
ERROR: [Synth 8-6156] failed synthesizing module 'alu_32bit' [C:/Users/ma11212/CA-labs/Vivado_labs/CA/CA.srcs/sources_1/new/alu_32bit.v:23]
---------------------------------------------------------------------------------
Finished RTL Elaboration : Time (s): cpu = 00:00:03 ; elapsed = 00:00:03 . Memory (MB): peak = 1400.305 ; gain = 174.766
---------------------------------------------------------------------------------
RTL Elaboration failed
8 Infos, 0 Warnings, 0 Critical Warnings and 3 Errors encountered.
synth_design failed
ERROR: [Vivado_Tcl 4-5] Elaboration failed - please see the console for details
synth_design -rtl -name rtl_1
Command: synth_design -rtl -name rtl_1
Starting synth_design
Using part: xc7a35tcpg236-1
Top: alu_32bit
---------------------------------------------------------------------------------
Starting RTL Elaboration : Time (s): cpu = 00:00:02 ; elapsed = 00:00:02 . Memory (MB): peak = 1400.305 ; gain = 0.000
---------------------------------------------------------------------------------
INFO: [Synth 8-6157] synthesizing module 'alu_32bit' [C:/Users/ma11212/CA-labs/Vivado_labs/CA/CA.srcs/sources_1/new/alu_32bit.v:23]
	Parameter AND_OP bound to: 3'b000 
	Parameter OR_OP bound to: 3'b001 
	Parameter XOR_OP bound to: 3'b010 
	Parameter ADD_OP bound to: 3'b011 
	Parameter SUB_OP bound to: 3'b100 
	Parameter SLL_OP bound to: 3'b101 
	Parameter SRL_OP bound to: 3'b110 
INFO: [Synth 8-6157] synthesizing module 'adder_32bit' [C:/Users/ma11212/CA-labs/Vivado_labs/CA/CA.srcs/sources_1/new/adder_32bit.v:23]
INFO: [Synth 8-6157] synthesizing module 'full_adder' [C:/Users/ma11212/CA-labs/Vivado_labs/CA/CA.srcs/sources_1/new/adder.v:23]
INFO: [Synth 8-6155] done synthesizing module 'full_adder' (1#1) [C:/Users/ma11212/CA-labs/Vivado_labs/CA/CA.srcs/sources_1/new/adder.v:23]
INFO: [Synth 8-6155] done synthesizing module 'adder_32bit' (2#1) [C:/Users/ma11212/CA-labs/Vivado_labs/CA/CA.srcs/sources_1/new/adder_32bit.v:23]
INFO: [Synth 8-6157] synthesizing module 'sub_32bit' [C:/Users/ma11212/CA-labs/Vivado_labs/CA/CA.srcs/sources_1/new/sub_32bit.v:22]
INFO: [Synth 8-6155] done synthesizing module 'sub_32bit' (3#1) [C:/Users/ma11212/CA-labs/Vivado_labs/CA/CA.srcs/sources_1/new/sub_32bit.v:22]
INFO: [Synth 8-6155] done synthesizing module 'alu_32bit' (4#1) [C:/Users/ma11212/CA-labs/Vivado_labs/CA/CA.srcs/sources_1/new/alu_32bit.v:23]
---------------------------------------------------------------------------------
Finished RTL Elaboration : Time (s): cpu = 00:00:03 ; elapsed = 00:00:03 . Memory (MB): peak = 1417.508 ; gain = 17.203
---------------------------------------------------------------------------------
---------------------------------------------------------------------------------
Start Handling Custom Attributes
---------------------------------------------------------------------------------
---------------------------------------------------------------------------------
Finished Handling Custom Attributes : Time (s): cpu = 00:00:03 ; elapsed = 00:00:03 . Memory (MB): peak = 1417.508 ; gain = 17.203
---------------------------------------------------------------------------------
---------------------------------------------------------------------------------
Finished RTL Optimization Phase 1 : Time (s): cpu = 00:00:03 ; elapsed = 00:00:03 . Memory (MB): peak = 1417.508 ; gain = 17.203
---------------------------------------------------------------------------------
Netlist sorting complete. Time (s): cpu = 00:00:00 ; elapsed = 00:00:00.002 . Memory (MB): peak = 1417.508 ; gain = 0.000
INFO: [Project 1-570] Preparing netlist for logic optimization

Processing XDC Constraints
Initializing timing engine
Completed Processing XDC Constraints

INFO: [Opt 31-138] Pushed 0 inverter(s) to 0 load pin(s).
Netlist sorting complete. Time (s): cpu = 00:00:00 ; elapsed = 00:00:00 . Memory (MB): peak = 1527.527 ; gain = 0.000
INFO: [Project 1-111] Unisim Transformation Summary:
No Unisim elements were transformed.

RTL Elaboration Complete:  : Time (s): cpu = 00:00:11 ; elapsed = 00:00:06 . Memory (MB): peak = 1547.688 ; gain = 147.383
11 Infos, 0 Warnings, 0 Critical Warnings and 0 Errors encountered.
synth_design completed successfully
synth_design: Time (s): cpu = 00:00:11 ; elapsed = 00:00:06 . Memory (MB): peak = 1547.688 ; gain = 147.383
exit
INFO: [Common 17-206] Exiting Vivado at Thu Oct  1 17:04:07 2026...
